---
source: src/adapters/cli/completions.rs
expression: output
---

using namespace System.Management.Automation
using namespace System.Management.Automation.Language

Register-ArgumentCompleter -Native -CommandName 'venmo' -ScriptBlock {
    param($wordToComplete, $commandAst, $cursorPosition)

    $commandElements = $commandAst.CommandElements
    $command = @(
        'venmo'
        for ($i = 1; $i -lt $commandElements.Count; $i++) {
            $element = $commandElements[$i]
            if ($element -isnot [StringConstantExpressionAst] -or
                $element.StringConstantType -ne [StringConstantType]::BareWord -or
                $element.Value.StartsWith('-') -or
                $element.Value -eq $wordToComplete) {
                break
        }
        $element.Value
    }) -join ';'

    $completions = @(switch ($command) {
        'venmo' {
            [CompletionResult]::new('-v', '-v', [CompletionResultType]::ParameterName, 'Write redacted diagnostics to stderr')
            [CompletionResult]::new('--verbose', '--verbose', [CompletionResultType]::ParameterName, 'Write redacted diagnostics to stderr')
            [CompletionResult]::new('-h', '-h', [CompletionResultType]::ParameterName, 'Print help (see more with ''--help'')')
            [CompletionResult]::new('--help', '--help', [CompletionResultType]::ParameterName, 'Print help (see more with ''--help'')')
            [CompletionResult]::new('-V', '-V ', [CompletionResultType]::ParameterName, 'Print version')
            [CompletionResult]::new('--version', '--version', [CompletionResultType]::ParameterName, 'Print version')
            [CompletionResult]::new('auth', 'auth', [CompletionResultType]::ParameterValue, 'Validate and manage the stored Venmo bearer token')
            [CompletionResult]::new('pay', 'pay', [CompletionResultType]::ParameterValue, 'Pay one person')
            [CompletionResult]::new('request', 'request', [CompletionResultType]::ParameterValue, 'Create a request immediately')
            [CompletionResult]::new('accept', 'accept', [CompletionResultType]::ParameterValue, 'Accept an incoming request after authoritative validation and confirmation')
            [CompletionResult]::new('decline', 'decline', [CompletionResultType]::ParameterValue, 'Decline an incoming request without sending money')
            [CompletionResult]::new('friends', 'friends', [CompletionResultType]::ParameterValue, 'Inspect friends of the active account')
            [CompletionResult]::new('users', 'users', [CompletionResultType]::ParameterValue, 'Find Venmo users')
            [CompletionResult]::new('payment-methods', 'payment-methods', [CompletionResultType]::ParameterValue, 'Inspect available payment methods')
            [CompletionResult]::new('balance', 'balance', [CompletionResultType]::ParameterValue, 'Show the Venmo wallet balance')
            [CompletionResult]::new('activity', 'activity', [CompletionResultType]::ParameterValue, 'Inspect account activity')
            [CompletionResult]::new('requests', 'requests', [CompletionResultType]::ParameterValue, 'Inspect pending requests')
            [CompletionResult]::new('doctor', 'doctor', [CompletionResultType]::ParameterValue, 'Run read-only diagnostics')
            [CompletionResult]::new('completions', 'completions', [CompletionResultType]::ParameterValue, 'Generate shell completion source')
            [CompletionResult]::new('help', 'help', [CompletionResultType]::ParameterValue, 'Print this message or the help of the given subcommand(s)')
            break
        }
        'venmo;auth' {
            [CompletionResult]::new('-v', '-v', [CompletionResultType]::ParameterName, 'Write redacted diagnostics to stderr')
            [CompletionResult]::new('--verbose', '--verbose', [CompletionResultType]::ParameterName, 'Write redacted diagnostics to stderr')
            [CompletionResult]::new('-h', '-h', [CompletionResultType]::ParameterName, 'Print help')
            [CompletionResult]::new('--help', '--help', [CompletionResultType]::ParameterName, 'Print help')
            [CompletionResult]::new('login', 'login', [CompletionResultType]::ParameterValue, 'Authenticate with a trusted device and password/SMS OTP, or import a bearer token')
            [CompletionResult]::new('reauthenticate', 'reauthenticate', [CompletionResultType]::ParameterValue, 'Replace an expired token using the stored trusted device and password/SMS OTP')
            [CompletionResult]::new('logout', 'logout', [CompletionResultType]::ParameterValue, 'Remove the locally stored credential')
            [CompletionResult]::new('status', 'status', [CompletionResultType]::ParameterValue, 'Validate the credential and show the active account')
            [CompletionResult]::new('help', 'help', [CompletionResultType]::ParameterValue, 'Print this message or the help of the given subcommand(s)')
            break
        }
        'venmo;auth;login' {
            [CompletionResult]::new('--token', '--token', [CompletionResultType]::ParameterName, 'Import a bearer token and prompt for its matching device ID when needed')
            [CompletionResult]::new('-v', '-v', [CompletionResultType]::ParameterName, 'Write redacted diagnostics to stderr')
            [CompletionResult]::new('--verbose', '--verbose', [CompletionResultType]::ParameterName, 'Write redacted diagnostics to stderr')
            [CompletionResult]::new('-h', '-h', [CompletionResultType]::ParameterName, 'Print help (see more with ''--help'')')
            [CompletionResult]::new('--help', '--help', [CompletionResultType]::ParameterName, 'Print help (see more with ''--help'')')
            break
        }
        'venmo;auth;reauthenticate' {
            [CompletionResult]::new('-v', '-v', [CompletionResultType]::ParameterName, 'Write redacted diagnostics to stderr')
            [CompletionResult]::new('--verbose', '--verbose', [CompletionResultType]::ParameterName, 'Write redacted diagnostics to stderr')
            [CompletionResult]::new('-h', '-h', [CompletionResultType]::ParameterName, 'Print help (see more with ''--help'')')
            [CompletionResult]::new('--help', '--help', [CompletionResultType]::ParameterName, 'Print help (see more with ''--help'')')
            break
        }
        'venmo;auth;logout' {
            [CompletionResult]::new('--revoke', '--revoke', [CompletionResultType]::ParameterName, 'Attempt to revoke the bearer token before deleting it locally')
            [CompletionResult]::new('-v', '-v', [CompletionResultType]::ParameterName, 'Write redacted diagnostics to stderr')
            [CompletionResult]::new('--verbose', '--verbose', [CompletionResultType]::ParameterName, 'Write redacted diagnostics to stderr')
            [CompletionResult]::new('-h', '-h', [CompletionResultType]::ParameterName, 'Print help')
            [CompletionResult]::new('--help', '--help', [CompletionResultType]::ParameterName, 'Print help')
            break
        }
        'venmo;auth;status' {
            [CompletionResult]::new('-v', '-v', [CompletionResultType]::ParameterName, 'Write redacted diagnostics to stderr')
            [CompletionResult]::new('--verbose', '--verbose', [CompletionResultType]::ParameterName, 'Write redacted diagnostics to stderr')
            [CompletionResult]::new('-h', '-h', [CompletionResultType]::ParameterName, 'Print help')
            [CompletionResult]::new('--help', '--help', [CompletionResultType]::ParameterName, 'Print help')
            break
        }
        'venmo;auth;help' {
            [CompletionResult]::new('login', 'login', [CompletionResultType]::ParameterValue, 'Authenticate with a trusted device and password/SMS OTP, or import a bearer token')
            [CompletionResult]::new('reauthenticate', 'reauthenticate', [CompletionResultType]::ParameterValue, 'Replace an expired token using the stored trusted device and password/SMS OTP')
            [CompletionResult]::new('logout', 'logout', [CompletionResultType]::ParameterValue, 'Remove the locally stored credential')
            [CompletionResult]::new('status', 'status', [CompletionResultType]::ParameterValue, 'Validate the credential and show the active account')
            [CompletionResult]::new('help', 'help', [CompletionResultType]::ParameterValue, 'Print this message or the help of the given subcommand(s)')
            break
        }
        'venmo;auth;help;login' {
            break
        }
        'venmo;auth;help;reauthenticate' {
            break
        }
        'venmo;auth;help;logout' {
            break
        }
        'venmo;auth;help;status' {
            break
        }
        'venmo;auth;help;help' {
            break
        }
        'venmo;pay' {
            [CompletionResult]::new('--note', '--note', [CompletionResultType]::ParameterName, 'Non-empty payment note')
            [CompletionResult]::new('--from', '--from', [CompletionResultType]::ParameterName, 'Preferred external/backup method ID; fees do not block selection and balance may be used first')
            [CompletionResult]::new('--yes', '--yes', [CompletionResultType]::ParameterName, 'Skip only the final default-No confirmation')
            [CompletionResult]::new('-v', '-v', [CompletionResultType]::ParameterName, 'Write redacted diagnostics to stderr')
            [CompletionResult]::new('--verbose', '--verbose', [CompletionResultType]::ParameterName, 'Write redacted diagnostics to stderr')
            [CompletionResult]::new('-h', '-h', [CompletionResultType]::ParameterName, 'Print help (see more with ''--help'')')
            [CompletionResult]::new('--help', '--help', [CompletionResultType]::ParameterName, 'Print help (see more with ''--help'')')
            break
        }
        'venmo;request' {
            [CompletionResult]::new('--note', '--note', [CompletionResultType]::ParameterName, 'Non-empty request note')
            [CompletionResult]::new('-v', '-v', [CompletionResultType]::ParameterName, 'Write redacted diagnostics to stderr')
            [CompletionResult]::new('--verbose', '--verbose', [CompletionResultType]::ParameterName, 'Write redacted diagnostics to stderr')
            [CompletionResult]::new('-h', '-h', [CompletionResultType]::ParameterName, 'Print help (see more with ''--help'')')
            [CompletionResult]::new('--help', '--help', [CompletionResultType]::ParameterName, 'Print help (see more with ''--help'')')
            break
        }
        'venmo;accept' {
            [CompletionResult]::new('--yes', '--yes', [CompletionResultType]::ParameterName, 'Skip only the final default-No confirmation')
            [CompletionResult]::new('-v', '-v', [CompletionResultType]::ParameterName, 'Write redacted diagnostics to stderr')
            [CompletionResult]::new('--verbose', '--verbose', [CompletionResultType]::ParameterName, 'Write redacted diagnostics to stderr')
            [CompletionResult]::new('-h', '-h', [CompletionResultType]::ParameterName, 'Print help (see more with ''--help'')')
            [CompletionResult]::new('--help', '--help', [CompletionResultType]::ParameterName, 'Print help (see more with ''--help'')')
            break
        }
        'venmo;decline' {
            [CompletionResult]::new('-v', '-v', [CompletionResultType]::ParameterName, 'Write redacted diagnostics to stderr')
            [CompletionResult]::new('--verbose', '--verbose', [CompletionResultType]::ParameterName, 'Write redacted diagnostics to stderr')
            [CompletionResult]::new('-h', '-h', [CompletionResultType]::ParameterName, 'Print help (see more with ''--help'')')
            [CompletionResult]::new('--help', '--help', [CompletionResultType]::ParameterName, 'Print help (see more with ''--help'')')
            break
        }
        'venmo;friends' {
            [CompletionResult]::new('-v', '-v', [CompletionResultType]::ParameterName, 'Write redacted diagnostics to stderr')
            [CompletionResult]::new('--verbose', '--verbose', [CompletionResultType]::ParameterName, 'Write redacted diagnostics to stderr')
            [CompletionResult]::new('-h', '-h', [CompletionResultType]::ParameterName, 'Print help')
            [CompletionResult]::new('--help', '--help', [CompletionResultType]::ParameterName, 'Print help')
            [CompletionResult]::new('list', 'list', [CompletionResultType]::ParameterValue, 'List friends of the active account')
            [CompletionResult]::new('help', 'help', [CompletionResultType]::ParameterValue, 'Print this message or the help of the given subcommand(s)')
            break
        }
        'venmo;friends;list' {
            [CompletionResult]::new('--limit', '--limit', [CompletionResultType]::ParameterName, 'Server request page size')
            [CompletionResult]::new('--offset', '--offset', [CompletionResultType]::ParameterName, 'Zero-based friend-list offset')
            [CompletionResult]::new('-v', '-v', [CompletionResultType]::ParameterName, 'Write redacted diagnostics to stderr')
            [CompletionResult]::new('--verbose', '--verbose', [CompletionResultType]::ParameterName, 'Write redacted diagnostics to stderr')
            [CompletionResult]::new('-h', '-h', [CompletionResultType]::ParameterName, 'Print help')
            [CompletionResult]::new('--help', '--help', [CompletionResultType]::ParameterName, 'Print help')
            break
        }
        'venmo;friends;help' {
            [CompletionResult]::new('list', 'list', [CompletionResultType]::ParameterValue, 'List friends of the active account')
            [CompletionResult]::new('help', 'help', [CompletionResultType]::ParameterValue, 'Print this message or the help of the given subcommand(s)')
            break
        }
        'venmo;friends;help;list' {
            break
        }
        'venmo;friends;help;help' {
            break
        }
        'venmo;users' {
            [CompletionResult]::new('-v', '-v', [CompletionResultType]::ParameterName, 'Write redacted diagnostics to stderr')
            [CompletionResult]::new('--verbose', '--verbose', [CompletionResultType]::ParameterName, 'Write redacted diagnostics to stderr')
            [CompletionResult]::new('-h', '-h', [CompletionResultType]::ParameterName, 'Print help')
            [CompletionResult]::new('--help', '--help', [CompletionResultType]::ParameterName, 'Print help')
            [CompletionResult]::new('search', 'search', [CompletionResultType]::ParameterValue, 'Search for Venmo users')
            [CompletionResult]::new('info', 'info', [CompletionResultType]::ParameterValue, 'Show information about one Venmo user')
            [CompletionResult]::new('help', 'help', [CompletionResultType]::ParameterValue, 'Print this message or the help of the given subcommand(s)')
            break
        }
        'venmo;users;search' {
            [CompletionResult]::new('--limit', '--limit', [CompletionResultType]::ParameterName, 'Server request page size')
            [CompletionResult]::new('--offset', '--offset', [CompletionResultType]::ParameterName, 'Zero-based user-search offset')
            [CompletionResult]::new('-v', '-v', [CompletionResultType]::ParameterName, 'Write redacted diagnostics to stderr')
            [CompletionResult]::new('--verbose', '--verbose', [CompletionResultType]::ParameterName, 'Write redacted diagnostics to stderr')
            [CompletionResult]::new('-h', '-h', [CompletionResultType]::ParameterName, 'Print help')
            [CompletionResult]::new('--help', '--help', [CompletionResultType]::ParameterName, 'Print help')
            break
        }
        'venmo;users;info' {
            [CompletionResult]::new('-v', '-v', [CompletionResultType]::ParameterName, 'Write redacted diagnostics to stderr')
            [CompletionResult]::new('--verbose', '--verbose', [CompletionResultType]::ParameterName, 'Write redacted diagnostics to stderr')
            [CompletionResult]::new('-h', '-h', [CompletionResultType]::ParameterName, 'Print help')
            [CompletionResult]::new('--help', '--help', [CompletionResultType]::ParameterName, 'Print help')
            break
        }
        'venmo;users;help' {
            [CompletionResult]::new('search', 'search', [CompletionResultType]::ParameterValue, 'Search for Venmo users')
            [CompletionResult]::new('info', 'info', [CompletionResultType]::ParameterValue, 'Show information about one Venmo user')
            [CompletionResult]::new('help', 'help', [CompletionResultType]::ParameterValue, 'Print this message or the help of the given subcommand(s)')
            break
        }
        'venmo;users;help;search' {
            break
        }
        'venmo;users;help;info' {
            break
        }
        'venmo;users;help;help' {
            break
        }
        'venmo;payment-methods' {
            [CompletionResult]::new('-v', '-v', [CompletionResultType]::ParameterName, 'Write redacted diagnostics to stderr')
            [CompletionResult]::new('--verbose', '--verbose', [CompletionResultType]::ParameterName, 'Write redacted diagnostics to stderr')
            [CompletionResult]::new('-h', '-h', [CompletionResultType]::ParameterName, 'Print help')
            [CompletionResult]::new('--help', '--help', [CompletionResultType]::ParameterName, 'Print help')
            [CompletionResult]::new('list', 'list', [CompletionResultType]::ParameterValue, 'List payment methods and copyable IDs')
            [CompletionResult]::new('help', 'help', [CompletionResultType]::ParameterValue, 'Print this message or the help of the given subcommand(s)')
            break
        }
        'venmo;payment-methods;list' {
            [CompletionResult]::new('-v', '-v', [CompletionResultType]::ParameterName, 'Write redacted diagnostics to stderr')
            [CompletionResult]::new('--verbose', '--verbose', [CompletionResultType]::ParameterName, 'Write redacted diagnostics to stderr')
            [CompletionResult]::new('-h', '-h', [CompletionResultType]::ParameterName, 'Print help')
            [CompletionResult]::new('--help', '--help', [CompletionResultType]::ParameterName, 'Print help')
            break
        }
        'venmo;payment-methods;help' {
            [CompletionResult]::new('list', 'list', [CompletionResultType]::ParameterValue, 'List payment methods and copyable IDs')
            [CompletionResult]::new('help', 'help', [CompletionResultType]::ParameterValue, 'Print this message or the help of the given subcommand(s)')
            break
        }
        'venmo;payment-methods;help;list' {
            break
        }
        'venmo;payment-methods;help;help' {
            break
        }
        'venmo;balance' {
            [CompletionResult]::new('-v', '-v', [CompletionResultType]::ParameterName, 'Write redacted diagnostics to stderr')
            [CompletionResult]::new('--verbose', '--verbose', [CompletionResultType]::ParameterName, 'Write redacted diagnostics to stderr')
            [CompletionResult]::new('-h', '-h', [CompletionResultType]::ParameterName, 'Print help')
            [CompletionResult]::new('--help', '--help', [CompletionResultType]::ParameterName, 'Print help')
            break
        }
        'venmo;activity' {
            [CompletionResult]::new('-v', '-v', [CompletionResultType]::ParameterName, 'Write redacted diagnostics to stderr')
            [CompletionResult]::new('--verbose', '--verbose', [CompletionResultType]::ParameterName, 'Write redacted diagnostics to stderr')
            [CompletionResult]::new('-h', '-h', [CompletionResultType]::ParameterName, 'Print help')
            [CompletionResult]::new('--help', '--help', [CompletionResultType]::ParameterName, 'Print help')
            [CompletionResult]::new('list', 'list', [CompletionResultType]::ParameterValue, 'List recent activity')
            [CompletionResult]::new('info', 'info', [CompletionResultType]::ParameterValue, 'Show information about one activity record')
            [CompletionResult]::new('help', 'help', [CompletionResultType]::ParameterValue, 'Print this message or the help of the given subcommand(s)')
            break
        }
        'venmo;activity;list' {
            [CompletionResult]::new('--limit', '--limit', [CompletionResultType]::ParameterName, 'Server request page size')
            [CompletionResult]::new('--before-id', '--before-id', [CompletionResultType]::ParameterName, 'Fetch activity before this endpoint-native token')
            [CompletionResult]::new('-v', '-v', [CompletionResultType]::ParameterName, 'Write redacted diagnostics to stderr')
            [CompletionResult]::new('--verbose', '--verbose', [CompletionResultType]::ParameterName, 'Write redacted diagnostics to stderr')
            [CompletionResult]::new('-h', '-h', [CompletionResultType]::ParameterName, 'Print help')
            [CompletionResult]::new('--help', '--help', [CompletionResultType]::ParameterName, 'Print help')
            break
        }
        'venmo;activity;info' {
            [CompletionResult]::new('-v', '-v', [CompletionResultType]::ParameterName, 'Write redacted diagnostics to stderr')
            [CompletionResult]::new('--verbose', '--verbose', [CompletionResultType]::ParameterName, 'Write redacted diagnostics to stderr')
            [CompletionResult]::new('-h', '-h', [CompletionResultType]::ParameterName, 'Print help')
            [CompletionResult]::new('--help', '--help', [CompletionResultType]::ParameterName, 'Print help')
            break
        }
        'venmo;activity;help' {
            [CompletionResult]::new('list', 'list', [CompletionResultType]::ParameterValue, 'List recent activity')
            [CompletionResult]::new('info', 'info', [CompletionResultType]::ParameterValue, 'Show information about one activity record')
            [CompletionResult]::new('help', 'help', [CompletionResultType]::ParameterValue, 'Print this message or the help of the given subcommand(s)')
            break
        }
        'venmo;activity;help;list' {
            break
        }
        'venmo;activity;help;info' {
            break
        }
        'venmo;activity;help;help' {
            break
        }
        'venmo;requests' {
            [CompletionResult]::new('-v', '-v', [CompletionResultType]::ParameterName, 'Write redacted diagnostics to stderr')
            [CompletionResult]::new('--verbose', '--verbose', [CompletionResultType]::ParameterName, 'Write redacted diagnostics to stderr')
            [CompletionResult]::new('-h', '-h', [CompletionResultType]::ParameterName, 'Print help')
            [CompletionResult]::new('--help', '--help', [CompletionResultType]::ParameterName, 'Print help')
            [CompletionResult]::new('list', 'list', [CompletionResultType]::ParameterValue, 'List pending requests involving the active account')
            [CompletionResult]::new('info', 'info', [CompletionResultType]::ParameterValue, 'Show information about one open request')
            [CompletionResult]::new('help', 'help', [CompletionResultType]::ParameterValue, 'Print this message or the help of the given subcommand(s)')
            break
        }
        'venmo;requests;list' {
            [CompletionResult]::new('--direction', '--direction', [CompletionResultType]::ParameterName, 'Filter by the request''s direction')
            [CompletionResult]::new('--limit', '--limit', [CompletionResultType]::ParameterName, 'Server request page size before local direction filtering')
            [CompletionResult]::new('--before', '--before', [CompletionResultType]::ParameterName, 'Fetch pending requests before this endpoint-native token')
            [CompletionResult]::new('-v', '-v', [CompletionResultType]::ParameterName, 'Write redacted diagnostics to stderr')
            [CompletionResult]::new('--verbose', '--verbose', [CompletionResultType]::ParameterName, 'Write redacted diagnostics to stderr')
            [CompletionResult]::new('-h', '-h', [CompletionResultType]::ParameterName, 'Print help')
            [CompletionResult]::new('--help', '--help', [CompletionResultType]::ParameterName, 'Print help')
            break
        }
        'venmo;requests;info' {
            [CompletionResult]::new('-v', '-v', [CompletionResultType]::ParameterName, 'Write redacted diagnostics to stderr')
            [CompletionResult]::new('--verbose', '--verbose', [CompletionResultType]::ParameterName, 'Write redacted diagnostics to stderr')
            [CompletionResult]::new('-h', '-h', [CompletionResultType]::ParameterName, 'Print help')
            [CompletionResult]::new('--help', '--help', [CompletionResultType]::ParameterName, 'Print help')
            break
        }
        'venmo;requests;help' {
            [CompletionResult]::new('list', 'list', [CompletionResultType]::ParameterValue, 'List pending requests involving the active account')
            [CompletionResult]::new('info', 'info', [CompletionResultType]::ParameterValue, 'Show information about one open request')
            [CompletionResult]::new('help', 'help', [CompletionResultType]::ParameterValue, 'Print this message or the help of the given subcommand(s)')
            break
        }
        'venmo;requests;help;list' {
            break
        }
        'venmo;requests;help;info' {
            break
        }
        'venmo;requests;help;help' {
            break
        }
        'venmo;doctor' {
            [CompletionResult]::new('-v', '-v', [CompletionResultType]::ParameterName, 'Write redacted diagnostics to stderr')
            [CompletionResult]::new('--verbose', '--verbose', [CompletionResultType]::ParameterName, 'Write redacted diagnostics to stderr')
            [CompletionResult]::new('-h', '-h', [CompletionResultType]::ParameterName, 'Print help')
            [CompletionResult]::new('--help', '--help', [CompletionResultType]::ParameterName, 'Print help')
            break
        }
        'venmo;completions' {
            [CompletionResult]::new('-v', '-v', [CompletionResultType]::ParameterName, 'Write redacted diagnostics to stderr')
            [CompletionResult]::new('--verbose', '--verbose', [CompletionResultType]::ParameterName, 'Write redacted diagnostics to stderr')
            [CompletionResult]::new('-h', '-h', [CompletionResultType]::ParameterName, 'Print help')
            [CompletionResult]::new('--help', '--help', [CompletionResultType]::ParameterName, 'Print help')
            break
        }
        'venmo;help' {
            [CompletionResult]::new('auth', 'auth', [CompletionResultType]::ParameterValue, 'Validate and manage the stored Venmo bearer token')
            [CompletionResult]::new('pay', 'pay', [CompletionResultType]::ParameterValue, 'Pay one person')
            [CompletionResult]::new('request', 'request', [CompletionResultType]::ParameterValue, 'Create a request immediately')
            [CompletionResult]::new('accept', 'accept', [CompletionResultType]::ParameterValue, 'Accept an incoming request after authoritative validation and confirmation')
            [CompletionResult]::new('decline', 'decline', [CompletionResultType]::ParameterValue, 'Decline an incoming request without sending money')
            [CompletionResult]::new('friends', 'friends', [CompletionResultType]::ParameterValue, 'Inspect friends of the active account')
            [CompletionResult]::new('users', 'users', [CompletionResultType]::ParameterValue, 'Find Venmo users')
            [CompletionResult]::new('payment-methods', 'payment-methods', [CompletionResultType]::ParameterValue, 'Inspect available payment methods')
            [CompletionResult]::new('balance', 'balance', [CompletionResultType]::ParameterValue, 'Show the Venmo wallet balance')
            [CompletionResult]::new('activity', 'activity', [CompletionResultType]::ParameterValue, 'Inspect account activity')
            [CompletionResult]::new('requests', 'requests', [CompletionResultType]::ParameterValue, 'Inspect pending requests')
            [CompletionResult]::new('doctor', 'doctor', [CompletionResultType]::ParameterValue, 'Run read-only diagnostics')
            [CompletionResult]::new('completions', 'completions', [CompletionResultType]::ParameterValue, 'Generate shell completion source')
            [CompletionResult]::new('help', 'help', [CompletionResultType]::ParameterValue, 'Print this message or the help of the given subcommand(s)')
            break
        }
        'venmo;help;auth' {
            [CompletionResult]::new('login', 'login', [CompletionResultType]::ParameterValue, 'Authenticate with a trusted device and password/SMS OTP, or import a bearer token')
            [CompletionResult]::new('reauthenticate', 'reauthenticate', [CompletionResultType]::ParameterValue, 'Replace an expired token using the stored trusted device and password/SMS OTP')
            [CompletionResult]::new('logout', 'logout', [CompletionResultType]::ParameterValue, 'Remove the locally stored credential')
            [CompletionResult]::new('status', 'status', [CompletionResultType]::ParameterValue, 'Validate the credential and show the active account')
            break
        }
        'venmo;help;auth;login' {
            break
        }
        'venmo;help;auth;reauthenticate' {
            break
        }
        'venmo;help;auth;logout' {
            break
        }
        'venmo;help;auth;status' {
            break
        }
        'venmo;help;pay' {
            break
        }
        'venmo;help;request' {
            break
        }
        'venmo;help;accept' {
            break
        }
        'venmo;help;decline' {
            break
        }
        'venmo;help;friends' {
            [CompletionResult]::new('list', 'list', [CompletionResultType]::ParameterValue, 'List friends of the active account')
            break
        }
        'venmo;help;friends;list' {
            break
        }
        'venmo;help;users' {
            [CompletionResult]::new('search', 'search', [CompletionResultType]::ParameterValue, 'Search for Venmo users')
            [CompletionResult]::new('info', 'info', [CompletionResultType]::ParameterValue, 'Show information about one Venmo user')
            break
        }
        'venmo;help;users;search' {
            break
        }
        'venmo;help;users;info' {
            break
        }
        'venmo;help;payment-methods' {
            [CompletionResult]::new('list', 'list', [CompletionResultType]::ParameterValue, 'List payment methods and copyable IDs')
            break
        }
        'venmo;help;payment-methods;list' {
            break
        }
        'venmo;help;balance' {
            break
        }
        'venmo;help;activity' {
            [CompletionResult]::new('list', 'list', [CompletionResultType]::ParameterValue, 'List recent activity')
            [CompletionResult]::new('info', 'info', [CompletionResultType]::ParameterValue, 'Show information about one activity record')
            break
        }
        'venmo;help;activity;list' {
            break
        }
        'venmo;help;activity;info' {
            break
        }
        'venmo;help;requests' {
            [CompletionResult]::new('list', 'list', [CompletionResultType]::ParameterValue, 'List pending requests involving the active account')
            [CompletionResult]::new('info', 'info', [CompletionResultType]::ParameterValue, 'Show information about one open request')
            break
        }
        'venmo;help;requests;list' {
            break
        }
        'venmo;help;requests;info' {
            break
        }
        'venmo;help;doctor' {
            break
        }
        'venmo;help;completions' {
            break
        }
        'venmo;help;help' {
            break
        }
    })

    $completions.Where{ $_.CompletionText -like "$wordToComplete*" } |
        Sort-Object -Property ListItemText
}
