---
source: src/adapters/cli/output/tests/activity_requests.rs
expression: list_stdout
---
 ID             | TIME                 | ACTION            | DIRECTION | COUNTERPARTY               | AMOUNT | STATUS | NOTE
----------------+----------------------+-------------------+-----------+----------------------------+--------+--------+------------------------
 story-1        | 1970-01-01T00:00:00Z | pay               | outgoing  | @bob                       | $1.25  | failed | note\n\u{001B}[31mline
 story-transfer | 1970-01-01T00:00:00Z | transfer:standard | outgoing  | Bank\nname (bank ••••1234) | $12.34 | issued |
