---
source: src/adapters/cli/output/tests/activity_requests.rs
expression: stdout
---
Activity ID: story-1
Time: 1969-12-31T16:00:00
Action: pay
Actor: @alice
Target: @bob
Amount: $1.25
Status: settled
Note: visible note
Audience: friends
Likes: 2
  Liker: @liker
Additional likers were not included in Venmo's activity response.
Comments: 2
  Comment ID: comment-1
    Author: @alice
    Time: 1969-12-31T16:00:00
    Message: message\n\u{001B}[31mline
Additional comments were not included in Venmo's activity response.
Reactions: 3
