---
source: src/adapters/cli/output/tests/writes.rs
expression: decline_preflight
---
Request decline preflight:
  Request ID: request-1
  Requester: @requester (Synthetic\nrequester) (ID 456)
  Amount: $0.01
  Note: Synthetic\nrequest
  Audience: private
  Current request status: pending
  Created: 1969-12-31T16:00:00
  Action: decline this exact incoming request without sending money.
  Confirmation defaults to No; --yes skips only the confirmation prompt.
