---
source: src/adapters/cli/output/tests/writes.rs
expression: details
---
Request acceptance details:
  Paying account: @owner (ID 123)
  Request ID: request-1
  Requester: @requester (Synthetic\nrequester) (ID 456)
  Amount: $0.01
  Note: Synthetic\nrequest
  Audience: private
  Purchase protection: not requested
  Current request status: pending
  Created: 1969-12-31T16:00:00
  Available Venmo balance: $0.01
  Funding source selection: automatic
  Funding plan: available Venmo balance
