---
source: src/adapters/cli/output/tests/writes.rs
expression: details
---
Payment details:
  From account: @owner (ID 123)
  Recipient: @bob (Synthetic\nrecipient) (ID 456)
  Amount: $0.01
  Note: Synthetic\nnote
  Requested audience: private
  Available Venmo balance: $0.00
  Funding source selection: automatic
  Submitted funding source: Synthetic bank (bank ending 1234, ID bank-1)
  Submitted method fee: unknown
  Eligibility-reported fee: $0.03
  Eligibility-reported total: $0.04
