---
source: src/adapters/cli/output/tests/writes.rs
expression: preflight
---
Payment preflight:
  From account: @owner (ID 123)
  Recipient: @bob (Synthetic\nrecipient) (ID 456)
  Amount: $0.01
  Note: Synthetic\nnote
  Audience: private
  Available Venmo balance: $0.00
  Submitted backup method: Synthetic bank (bank ending 1234, ID bank-1)
  Submitted method fee: unknown
  Eligibility-reported fee: $0.03
  Eligibility-reported total: $0.04
  Warning: Venmo may use available balance before the submitted backup method.
  Warning: eligibility is not bound to the submitted backup method; the final fee may differ.
