---
source: tests/cli.rs
expression: help
---
Search for Venmo users

Usage: search [OPTIONS] <QUERY>

Arguments:
  <QUERY>
          Username (with optional @) or multi-word search text

Options:
      --limit <N>
          Server request page size (maximum 50)

          [default: 10]

      --offset <N>
          Zero-based user-search offset

          [default: 0]

  -h, --help
          Print help
