---
source: tests/cli.rs
expression: help
---
Decline an incoming request without sending money

Usage: decline [OPTIONS] <REQUEST_ID>

Arguments:
  <REQUEST_ID>
          Canonical incoming request ID

Options:
      --yes
          Skip only the final default-No confirmation

      --dry-run
          Complete preflight and show details without declining the request

  -h, --help
          Print help (see a summary with '-h')

Declining sends no money. Confirmation defaults to No and requires both stdin and stderr to be terminals unless `--yes` is supplied. Exit code 3 means the request state must be verified independently. Do not retry; check `requests list` and the official Venmo app.
