---
source: tests/cli.rs
expression: help
---
Authenticate with a newly supplied trusted device and password/SMS OTP

Usage: login

Options:
  -h, --help
          Print help (see a summary with '-h')

Always prompts interactively for the account identifier, hidden password, and a newly supplied trusted v_id/device ID, followed by hidden SMS OTP only when Venmo challenges. A validated login may replace an existing credential; failure before storage leaves the existing entry untouched.
