---
source: tests/cli.rs
expression: help
---
Add one Unicode emoji reaction or the special `like` target

Usage: add [OPTIONS] <ACTIVITY_ID> <REACTION>

Arguments:
  <ACTIVITY_ID>
          Canonical activity ID

  <REACTION>
          Exact emoji glyph or lowercase `like` target to add

Options:
      --yes
          Skip only the final default-No confirmation

      --dry-run
          Complete preflight and show details without adding the reaction

  -h, --help
          Print help (see a summary with '-h')

REACTION must be exact lowercase 'like' or one complete Unicode emoji grapheme, such as '🔥' or '❤️'; backend custom aliases shown by list are read-only. The 'like' target uses Venmo's likes endpoint, while ❤️ uses its reactions endpoint; both expose the same server state. The command performs an authoritative activity preflight and never retries automatically. Exit code 3 means the reaction outcome must be verified independently.
