---
source: tests/cli.rs
expression: help
---
Pay one person

Usage: pay [OPTIONS] --note <NOTE> <RECIPIENT> <AMOUNT>

Arguments:
  <RECIPIENT>
          Exact @username or positive numeric Venmo user ID

  <AMOUNT>
          Positive USD amount with at most two fractional digits

Options:
      --note <NOTE>
          Non-empty payment note

      --from <METHOD_ID>
          Preferred external/backup method ID; Venmo balance may be used first

      --yes
          Skip only the final default-No confirmation

  -h, --help
          Print help (see a summary with '-h')

Financial exit code 3 means the payment outcome must be verified independently. Do not retry; check `activity list` and the official Venmo app.
