---
source: tests/cli.rs
expression: help
---
Pay users or inspect payment methods

Usage: pay <COMMAND>

Commands:
  methods  List payment methods and copyable IDs
  user     Pay one person
  help     Print this message or the help of the given subcommand(s)

Options:
  -h, --help
          Print help
