---
source: tests/cli.rs
expression: help
---
Pay one person

Usage: user [OPTIONS] <USERNAME> <AMOUNT> <NOTE>

Arguments:
  <USERNAME>
          Exact username with an optional leading @

  <AMOUNT>
          Positive USD amount with at most two fractional digits

  <NOTE>
          Non-empty payment note

Options:
      --source <SOURCE_ID>
          Peer-eligible source ID from `venmo pay options`

      --protect
          Request Venmo Purchase Protection for an eligible purchase

      --visibility <VISIBILITY>
          Visibility of the created payment

          [default: private]
          [possible values: private, friends, public]

      --yes
          Skip only the final default-No confirmation

      --dry-run
          Complete preflight and show details without creating the payment

  -h, --help
          Print help (see a summary with '-h')

Without `--source`, payment uses a peer-eligible Venmo balance source when the available balance covers the amount; otherwise it selects the unique default or sole eligible external peer method. `--source` submits that exact peer-eligible balance, bank, or card ID and never silently substitutes another source. `--protect` explicitly tags an eligible personal-profile payment as a purchase; Venmo may deduct a seller fee, the tag generally cannot be removed, and tagging does not guarantee item coverage. Financial exit code 3 means the payment outcome must be verified independently. Do not retry; check `activity list` and the official Venmo app.
